business,license,zip,status,app_type,start,expires,applied
Dunkin',Retail Food Establishment,60608,issued,renewal,2026-07-16,2028-07-15,<not-on-file>
SUPER SAVINGS FOOD,Retail Food Establishment,60641,issued,renewal,2026-07-16,2028-07-15,<not-on-file>
"REDPEG MARKETING, INC.",Pop-Up Retail User,22314,issued,initial_application,2026-05-29,2026-06-07,2026-05-28
"FLAVIN ELECTRIC, LLC",Limited Business License,60618,issued,initial_application,2026-05-29,2027-05-15,2026-05-28
"HELLMUTH, OBATA & KASSABAUM, INC.",Limited Business License,60601,issued,change_of_location,2026-05-29,2028-04-15,2026-05-28
LA BONNE FEE,Limited Business License,60614,cancelled_during_term,initial_application,2026-04-16,2028-05-15,2026-04-15
"VICTORIA'S SECRET STORES, LLC #282",Limited Business License,60652,cancelled_during_term,renewal,2025-02-16,2027-02-15,<not-on-file>
PURE BEAUTY,Limited Business License,60616,revoked,initial_application,2026-04-15,2027-05-15,2026-04-15
"BABA'S MINI MARKET, INC.",Retail Food Establishment,60621,revoked,renewal,2025-11-16,2027-11-15,<not-on-file>
Lite,Public Place of Amusement,60654,revocation_appealed,renewal,2023-05-16,2025-05-15,<not-on-file>
