listing_id,name,host,district,area,lat,lon,room_type,price_usd,min_nights,reviews,last_review,reviews_pm,avail_365,reg_status
2595,Skylit Studio Oasis | Midtown Manhattan Sanctuary,Jennifer,Manhattan,Midtown,40.75356,-73.98559,ENTIRE,<price-redacted>,30,47,2022-06-21,0.24,256,unlicensed
6872,Uptown Sanctuary w/ Private Bath (Month to Month),Kae,Manhattan,East Harlem,40.80107,-73.94255,PRIVATE,<price-redacted>,30,2,2025-10-07,0.04,83,unlicensed
7097,"Perfect for Your Parents, With Garden & Patio",Jane,Brooklyn,Fort Greene,40.69194,-73.97389,PRIVATE,<price-redacted>,2,423,2025-09-23,2.16,0,registered
8490,"Maison des Sirenes1,bohemian, luminous apartment",Nathalie,Brooklyn,Bedford-Stuyvesant,40.684555843449075,-73.93963415175676,ENTIRE,<price-redacted>,30,189,2023-10-16,0.94,220,unlicensed
11943,Country space in the city,Harriet,Brooklyn,Flatbush,40.63702,-73.96327,PRIVATE,<price-redacted>,30,0,,,0,unlicensed
12937,"1 Stop to Midtown! Private Bedroom, Landmark House",Orestes,Queens,Long Island City,40.74757,-73.94571,PRIVATE,<price-redacted>,1,470,2026-01-14,2.46,140,registered
15385,"Very, very cozy place",Cristina,Brooklyn,Williamsburg,40.71211,-73.96397,PRIVATE,<price-redacted>,31,63,2025-07-25,0.33,97,unlicensed
77765,Superior @ Box House,The Box House Hotel,Brooklyn,Greenpoint,40.73777,-73.95366,HOTEL,<price-redacted>,1,72,2025-10-11,0.4,0,exempt
80700,Loft w/ Terrace @ Box House Hotel,The Box House Hotel,Brooklyn,Greenpoint,40.73777,-73.95366,PRIVATE,<price-redacted>,1,10,2022-10-22,0.06,0,exempt
94783,"Beautiful, Bright’s, Warm & Spacious 1.5BR Apt",Keishera,Brooklyn,Crown Heights,40.6736,-73.9551,ENTIRE,<price-redacted>,3,178,2026-01-03,0.99,96,exempt
151199,Astoria/LIC  Private Home located near train,Gigi,Queens,Astoria,40.7573,-73.91488,ENTIRE,<price-redacted>,1,568,2026-02-07,3.23,234,registered
248865,Loft Suite,The Box House Hotel,Brooklyn,Greenpoint,40.73756,-73.9535,ENTIRE,<price-redacted>,1,36,2024-07-13,0.21,0,exempt
