id,type,title,original,adult,year,end_year,runtime_min,primary_genre,all_genres
tt0000001,short,Carmencita,Carmencita,false,1894,,1,Documentary,"Documentary,Short"
tt0000002,short,Le clown et ses chiens,Le clown et ses chiens,false,1892,,5,Animation,"Animation,Short"
tt0000003,short,Poor Pierrot,Pauvre Pierrot,false,1892,,5,Animation,"Animation,Comedy,Romance"
tt0000004,short,Un bon bock,Un bon bock,false,1892,,12,Animation,"Animation,Short"
tt0000005,short,Blacksmith Scene,Blacksmith Scene,false,1893,,1,Short,Short
tt0000006,short,Chinese Opium Den,Chinese Opium Den,false,1894,,1,Short,Short
tt0000007,short,Corbett and Courtney Before the Kinetograph,Corbett and Courtney Before the Kinetograph,false,1894,,1,Short,"Short,Sport"
tt0000008,short,Edison Kinetoscopic Record of a Sneeze,Edison Kinetoscopic Record of a Sneeze,false,1894,,1,Documentary,"Documentary,Short"
tt0000009,movie,Miss Jerry,Miss Jerry,false,1894,,45,Romance,Romance
tt0000010,short,Leaving the Factory,La sortie de l'usine Lumière à Lyon,false,1895,,1,Documentary,"Documentary,Short"
tt0000011,short,Akrobatisches Potpourri,Akrobatisches Potpourri,false,1895,,1,Documentary,"Documentary,Short"
tt0000012,short,The Arrival of a Train,L'arrivée d'un train à La Ciotat,false,1896,,1,Documentary,"Documentary,Short"
tt0000013,short,The Photographical Congress Arrives in Lyon,Le débarquement du congrès de photographie à Lyon,false,1895,,1,Documentary,"Documentary,Short"
tt0000014,short,The Waterer Watered,L'arroseur arrosé,false,1895,,1,Comedy,"Comedy,Short"
tt0000015,short,Around a Cabin,Autour d'une cabine,false,1894,,2,Animation,"Animation,Comedy,Short"
tt0000016,short,Boat Leaving the Port,Barque sortant du port,false,1895,,1,Documentary,"Documentary,Short"
tt0000017,short,Italienischer Bauerntanz,Italienischer Bauerntanz,false,1895,,1,Documentary,"Documentary,Short"
tt0000018,short,Das boxende Känguruh,Das boxende Känguruh,false,1895,,1,Short,"Short,Sport"
tt0000019,short,The Clown Barber,The Clown Barber,false,1898,,,Comedy,"Comedy,Short"
tt0000020,short,The Derby 1895,The Derby 1895,false,1895,,1,Documentary,"Documentary,Short,Sport"
tt0000022,short,Blacksmith Scene,Les forgerons,false,1895,,1,Documentary,"Documentary,Short"
tt0000023,short,The Sea,Baignade en mer,false,1895,,1,Documentary,"Documentary,Short"
tt0000024,short,Opening of the Kiel Canal,Opening of the Kiel Canal,false,1895,,1,News,"News,Short"
tt0000025,short,The Oxford and Cambridge University Boat Race,The Oxford and Cambridge University Boat Race,false,1896,,,News,"News,Short,Sport"
tt0000026,short,The Messers. Lumière at Cards,Partie d'écarté,false,1896,,1,Documentary,"Documentary,Short"
tt0000027,short,Cordeliers' Square in Lyon,Place des Cordeliers à Lyon,false,1895,,1,Documentary,"Documentary,Short"
tt0000028,short,Fishing for Goldfish,La pêche aux poissons rouges,false,1895,,1,Documentary,"Documentary,Short"
tt0000029,short,Baby's Meal,Repas de bébé,false,1895,,1,Documentary,"Documentary,Short"
tt0000030,short,Rough Sea at Dover,Rough Sea at Dover,false,1895,,1,Documentary,"Documentary,Short"
tt0000031,short,Jumping the Blanket,Le saut à la couverture,false,1895,,1,Documentary,"Documentary,Short"
tt0000032,short,Die Serpentintänzerin,Die Serpentintänzerin,false,1895,,1,Short,Short
tt0000033,short,Horse Trick Riders,La voltige,false,1895,,1,Documentary,"Documentary,Short"
tt0000034,short,Arrivée d'un train gare de Vincennes,Arrivée d'un train gare de Vincennes,false,1896,,1,Documentary,"Documentary,Short"
tt0000035,short,Watering the Flowers,L'arroseur,false,1896,,1,Comedy,"Comedy,Short"
tt0000036,short,Awakening of Rip,Awakening of Rip,false,1896,,1,Drama,"Drama,Short"
tt0000037,short,Sea Bathing,Baignade en mer,false,1896,,1,Short,Short
tt0000038,short,The Ball Game,The Ball Game,false,1898,,1,Documentary,"Documentary,Short,Sport"
tt0000039,short,Barnet Horse Fair,Barnet Horse Fair,false,1896,,,Short,Short
tt0000040,short,Barque sortant du port de Trouville,Barque sortant du port de Trouville,false,1896,,,Documentary,"Documentary,Short"
tt0000041,short,Bataille de neige,Bataille de neige,false,1897,,1,Comedy,"Comedy,Documentary,Short"
tt0000042,short,Bateau-mouche sur la Seine,Bateau-mouche sur la Seine,false,1896,,,Documentary,"Documentary,Short"
tt0000043,short,Batteuse à vapeur,Batteuse à vapeur,false,1896,,,Documentary,"Documentary,Short"
tt0000044,short,Le bivouac,Le bivouac,false,1896,,1,Short,Short
tt0000045,short,Les blanchisseuses,Les blanchisseuses,false,1896,,,Short,Short
tt0000046,short,Bois de Boulogne,Bois de Boulogne,false,1896,,,Documentary,"Documentary,Short"
tt0000047,short,Boulevard des Italiens,Boulevard des Italiens,false,1896,,,Documentary,"Documentary,Short"
tt0000048,short,The Boxing Kangaroo,The Boxing Kangaroo,false,1896,,,Short,Short
tt0000049,short,"Boxing Match; or, Glove Contest","Boxing Match; or, Glove Contest",false,1896,,,Short,"Short,Sport"
tt0000050,short,Bébé et fillettes,Bébé et fillettes,false,1896,,,Documentary,"Documentary,Short"
tt0000051,short,The Bohemian Encampment,Campement de bohémiens,false,1896,,,Documentary,"Documentary,Short"
tt0000052,short,Ruraux au galop,Ruraux au galop,false,1896,,1,Documentary,"Documentary,Short"
tt0000053,short,A Chegada do Comboio Inaugural à Estação Central do Porto,A Chegada do Comboio Inaugural à Estação Central do Porto,false,1897,,,Documentary,"Documentary,Short"
tt0000054,short,A Merry-Go-Round,Les chevaux de bois,false,1896,,,Short,Short
tt0000055,short,Le chiffonnier,Le chiffonnier,false,1896,,,Short,Short
tt0000056,short,Uma Corrida de Touros no Campo Pequeno,Uma Corrida de Touros no Campo Pequeno,false,1896,,,Short,Short
tt0000057,short,Cortège de tzar allant à Versailles,Cortège de tzar allant à Versailles,false,1896,,,Documentary,"Documentary,Short"
tt0000058,short,Cortège de tzar au Bois de Boulogne,Cortège de tzar au Bois de Boulogne,false,1896,,,Documentary,"Documentary,Short"
tt0000059,short,Coronation of a Village Maiden,Couronnement de la rosière,false,1896,,,Short,Short
tt0000060,short,Dancing Darkies,Dancing Darkies,false,1896,,,Comedy,"Comedy,Documentary,Short"
tt0000061,short,Dancing Girls,Dancing Girls,false,1896,,,Short,Short
tt0000062,short,Danse serpentine,Danse serpentine,false,1896,,1,Short,Short
tt0000063,short,Dessinateur express,Dessinateur express,false,1896,,,Short,Short
tt0000064,short,Dessinateur: Chamberlain,Dessinateur: Chamberlain,false,1896,,,Short,Short
tt0000065,short,Dessinateur: Reine Victoria,Dessinateur: Reine Victoria,false,1896,,,Short,Short
tt0000066,short,Dessinateur: Von Bismark,Dessinateur: Von Bismark,false,1896,,,Short,Short
tt0000067,short,Conjurer Making Ten Hats in Sixty Seconds,Dix chapeaux en 60 secondes,false,1896,,1,Fantasy,"Fantasy,Short"
tt0000068,short,Unloading the Boat,Déchargement de bateaux,false,1896,,,Documentary,"Documentary,Short"
tt0000069,short,Post No Bills,Défense d'afficher,false,1896,,1,Comedy,"Comedy,Short"
tt0000070,short,Demolition of a Wall,Démolition d'un mur,false,1896,,1,Documentary,"Documentary,Short"
tt0000071,short,Automobiles Starting a Race,Départ des automobiles,false,1896,,,Short,"Short,Sport"
tt0000072,short,Officers of French Army Leaving Service,Départ des officiers,false,1896,,,Short,Short
tt0000073,short,Effets de mer sur les rochers,Effets de mer sur les rochers,false,1896,,,Documentary,"Documentary,Short"
tt0000074,short,Enfants jouant sur la plage,Enfants jouant sur la plage,false,1896,,,Documentary,"Documentary,Short"
tt0000075,short,The Conjuring of a Woman at the House of Robert Houdin,Escamotage d'une dame au théâtre Robert Houdin,false,1896,,1,Horror,"Horror,Short"
tt0000076,short,Exit of Rip and the Dwarf,Exit of Rip and the Dwarf,false,1896,,1,Drama,"Drama,Short"
tt0000077,short,"Le fakir, mystère indien","Le fakir, mystère indien",false,1896,,,Short,Short
tt0000078,short,Feira de Gado na Corujeira,Feira de Gado na Corujeira,false,1896,,1,Documentary,"Documentary,Short"
tt0000079,short,La gare Saint-Lazare,La gare Saint-Lazare,false,1896,,,Documentary,"Documentary,Short"
tt0000080,short,Grandes manoeuvres,Grandes manoeuvres,false,1896,,,Documentary,"Documentary,Short"
tt0000081,short,Towing a Boat on the River,Les haleurs de bateaux,false,1896,,,Documentary,"Documentary,Short"
tt0000082,short,A Hard Wash,A Hard Wash,false,1896,,,Comedy,"Comedy,Short"
tt0000083,short,Les indiscrets,Les indiscrets,false,1896,,,Short,Short
tt0000084,short,Les ivrognes,Les ivrognes,false,1896,,,Short,Short
tt0000085,short,Gardener Burning Weeds,Jardinier brûlant des herbes,false,1896,,,Short,Short
tt0000086,short,"Beach and Pier at Trouville, 1st part",Jetée et plage de Trouville (1er partie),false,1896,,,Documentary,"Documentary,Short"
tt0000087,short,"Beach and Pier at Trouville, 2nd part",Jetée et plage de Trouville (2e partie),false,1896,,,Documentary,"Documentary,Short"
tt0000088,short,Market Day,Jour de marché à Trouville,false,1896,,,Documentary,"Documentary,Short"
tt0000089,short,Leaving Jerusalem by Railway,Départ de Jérusalem en chemin de fer,false,1897,,1,Documentary,"Documentary,Short"
tt0000090,short,Libération des territoriaux,Libération des territoriaux,false,1896,,,Documentary,"Documentary,Short"
tt0000091,short,The House of the Devil,Le manoir du diable,false,1896,,3,Horror,"Horror,Short"
tt0000092,short,Marée montante sur Brise-Larmes,Marée montante sur Brise-Larmes,false,1896,,,Documentary,"Documentary,Short"
tt0000093,short,Melbourne,Melbourne,false,1896,,,Documentary,"Documentary,Short"
tt0000094,short,Miss de Vere,Miss de Vere,false,1896,,1,Short,Short
tt0000095,short,The Mysterious Paper,Le papier protée,false,1896,,,Short,Short
tt0000096,short,Place Saint-Augustin,Place Saint-Augustin,false,1896,,,Documentary,"Documentary,Short"
tt0000097,short,"Place de l'Opéra, First View","Place de l'Opéra, 1er aspect",false,1896,,,Documentary,"Documentary,Short"
tt0000098,short,"Place de l'Opéra, Second View","Place de l'Opéra, 2e aspect",false,1896,,,Documentary,"Documentary,Short"
tt0000099,short,Place de la Bastille,Place de la Bastille,false,1896,,,Documentary,"Documentary,Short"
tt0000100,short,Place de la Concorde,Place de la Concorde,false,1896,,,Documentary,"Documentary,Short"
tt0000101,short,Place du théâtre français,Place du théâtre français,false,1896,,,Documentary,"Documentary,Short"
tt0000102,short,The Beach at Villiers in a Gale,Plage de Villiers par gros temps,false,1896,,,Short,Short
tt0000103,short,Smarter than the Teacher,Plus fort que le maître,false,1896,,,Short,Short
tt0000104,short,Pompiers à Lyon,Pompiers à Lyon,false,1896,,1,Documentary,"Documentary,Short"
tt0000105,short,The Docks at Marseilles,Les quais à Marseille,false,1896,,,Documentary,"Documentary,Short"
tt0000106,short,Retour au cantonnement,Retour au cantonnement,false,1896,,,Short,Short
tt0000107,short,Naval Review at Cherburg,Revue navale à Cherbourg,false,1896,,,Documentary,"Documentary,Short"
tt0000108,short,Rip Leaving Sleepy Hollow,Rip Leaving Sleepy Hollow,false,1896,,1,Drama,"Drama,Short"
tt0000109,short,Rip Meeting the Dwarf,Rip Meeting the Dwarf,false,1896,,1,Fantasy,"Fantasy,Short"
tt0000110,short,Rip Passing Over the Mountain,Rip Passing Over the Mountain,false,1896,,1,Fantasy,"Fantasy,Short"
tt0000111,short,Rip's Toast,Rip's Toast,false,1896,,1,Drama,"Drama,Short"
tt0000112,short,Rip's Toast to Hudson,Rip's Toast to Hudson,false,1896,,1,Fantasy,"Fantasy,Short"
tt0000113,short,Rip's Twenty Years' Sleep,Rip's Twenty Years' Sleep,false,1896,,1,Drama,"Drama,Short"
tt0000114,short,French Regiment Going to the Parade,Le régiment,false,1896,,,Documentary,"Documentary,Short"
tt0000115,short,Réunion d'officiers,Réunion d'officiers,false,1896,,,Documentary,"Documentary,Short"
tt0000116,short,Sac au dos,Sac au dos,false,1896,,,Short,Short
tt0000117,short,Saída do Pessoal Operário da Fábrica Confiança,Saída do Pessoal Operário da Fábrica Confiança,false,1896,,1,Documentary,"Documentary,Short"
tt0000118,short,Salut malencontreux d'un déserteur,Salut malencontreux d'un déserteur,false,1896,,,Short,Short
tt0000119,short,"Rescue on the River, Pt. 2","Sauvetage en rivière, 1er",false,1896,,,Documentary,"Documentary,Short"
tt0000120,short,"Rescue on the River, Pt. 1","Sauvetage en rivière, 2e",false,1896,,,Documentary,"Documentary,Short"
tt0000121,short,The Soldier's Courtship,The Soldier's Courtship,false,1896,,1,Comedy,"Comedy,Short"
tt0000122,short,Closing Hours at Vibert's Perfume Factory,Sortie des ateliers Vibert,false,1896,,,Documentary,"Documentary,Short"
tt0000123,short,Conjuring,Séance de prestidigitation,false,1896,,1,Short,Short
tt0000124,short,Tempête sur la jetée du treport,Tempête sur la jetée du treport,false,1896,,,Documentary,"Documentary,Short"
tt0000125,short,The Terrible Railway Accident,The Terrible Railway Accident,false,1896,,,Short,Short
tt0000126,short,Tom Old Boot,Tom Old Boot,false,1896,,,Short,Short
tt0000127,short,Les tribulations d'un concierge,Les tribulations d'un concierge,false,1896,,,Comedy,"Comedy,Short"
tt0000128,short,Academy for Young Ladies,Un lycée de jeunes filles,false,1896,,,Short,Short
tt0000129,short,Un petit diable,Un petit diable,false,1896,,,Short,Short
tt0000130,short,Une altercation au café,Une altercation au café,false,1896,,,Short,Short
tt0000131,short,A Terrible Night,Une nuit terrible,false,1896,,1,Comedy,"Comedy,Horror,Short"
tt0000132,short,Card Party,Une partie de cartes,false,1896,,1,Biography,"Biography,Short"
tt0000133,short,La voiture du potier,La voiture du potier,false,1896,,,Short,Short
tt0000134,short,The Wandering Negro Minstrels,The Wandering Negro Minstrels,false,1896,,,Music,"Music,Short"
tt0000135,short,A Watermelon Feast,A Watermelon Feast,false,1896,,,Documentary,"Documentary,Short"
tt0000137,short,Au réfectoire,Au réfectoire,false,1897,,,Comedy,"Comedy,Short"
tt0000138,short,The Bewitched Inn,L'Auberge ensorcelée,false,1897,,2,Comedy,"Comedy,Short"
tt0000139,short,L'aveugle,L'aveugle,false,1897,,,Drama,"Drama,Short"
tt0000140,short,Baignade dans le torrent,Baignade dans le torrent,false,1897,,1,Documentary,"Documentary,Short"
tt0000141,short,Ballet libella,Ballet libella,false,1897,,2,Documentary,"Documentary,Short"
tt0000142,short,Buffalo Bill and Escort,Buffalo Bill and Escort,false,1897,,,News,"News,Short"
tt0000143,short,Les cambrioleurs,Les cambrioleurs,false,1897,,1,Comedy,"Comedy,Short"
tt0000144,short,Chez le magnétiseur,Chez le magnétiseur,false,1897,,1,Comedy,"Comedy,Short"
tt0000145,short,En classe,En classe,false,1897,,,Comedy,"Comedy,Short"
tt0000146,short,Le cocher de fiacre endormi,Le cocher de fiacre endormi,false,1897,,,Comedy,"Comedy,Short"
tt0000147,movie,The Corbett-Fitzsimmons Fight,The Corbett-Fitzsimmons Fight,false,1897,,100,Documentary,"Documentary,News,Sport"
tt0000148,short,Le Coucher d'Yvette,Le Coucher d'Yvette,false,1897,,,Short,Short
tt0000149,short,Behind the Scenes,Dans les coulisses,false,1897,,,Comedy,"Comedy,Short"
tt0000150,short,Danse fleur de lotus,Danse fleur de lotus,false,1897,,1,Documentary,"Documentary,Short"
tt0000151,short,Faust et Marguerite,Faust et Marguerite,false,1897,,,Short,Short
tt0000152,short,The Hallucinated Alchemist,L'hallucination de l'alchimiste,false,1897,,2,Fantasy,"Fantasy,Horror,Short"
tt0000153,short,The Haunted Castle,The Haunted Castle,false,1897,,1,Horror,"Horror,Short"
tt0000154,short,Henley Regatta,Henley Regatta,false,1897,,,News,"News,Short,Sport"
tt0000155,short,The Hypnotist at Work,Le magnétiseur,false,1897,,,Short,Short
tt0000156,short,A Badly Managed Hotel,L'hôtel empoisonné,false,1896,,,Comedy,"Comedy,Short"
tt0000157,short,Idylle,Idylle,false,1897,,,Short,Short
tt0000158,short,Idylle interrompue,Idylle interrompue,false,1897,,,Comedy,"Comedy,Short"
tt0000159,short,The Devil's Laboratory,Le cabinet de Méphistophélès,false,1897,,1,Horror,"Horror,Short"
tt0000160,short,The Last Days of Pompeii,The Last Days of Pompeii,false,1900,,,Drama,"Drama,Short"
tt0000161,short,Leçon de danse,Leçon de danse,false,1897,,,Comedy,"Comedy,Short"
tt0000162,short,Niagara Falls,Les chutes,false,1896,,1,Documentary,"Documentary,Short"
tt0000163,short,Le planton du colonel,Le planton du colonel,false,1897,,,Comedy,"Comedy,Short"
tt0000164,short,Le pêcheur dans le torrent,Le pêcheur dans le torrent,false,1897,,1,Comedy,"Comedy,Short"
tt0000165,short,Riña en un café,Riña en un café,false,1899,,1,Short,Short
tt0000166,short,Salida de los trabajadores de la fábrica España Industrial,Salida de los trabajadores de la fábrica España Industrial,false,1897,,1,Documentary,"Documentary,Short"
tt0000167,short,Salida de misa de doce del Pilar de Zaragoza,Salida de misa de doce del Pilar de Zaragoza,false,1899,,,Documentary,"Documentary,Short"
tt0000168,short,Salida del público de la iglesia parroquial de Santa María de Sans,Salida del público de la iglesia parroquial de Santa María de Sans,false,1897,,1,Documentary,"Documentary,Short"
tt0000169,short,Slagsmål i gamla Stockholm,Slagsmål i gamla Stockholm,false,1897,,1,Short,Short
tt0000170,short,The Twins' Tea Party,The Twins' Tea Party,false,1896,,1,Comedy,"Comedy,Short"
tt0000171,short,Une nuit agitée,Une nuit agitée,false,1897,,1,Comedy,"Comedy,Short"
tt0000172,short,The X-Ray Fiend,The X-Ray Fiend,false,1897,,1,Comedy,"Comedy,Horror,Short"
tt0000173,short,Battle of Santiago Bay,Battle of Santiago Bay,false,1900,,,Short,"Short,War"
tt0000174,short,Výstavní párkar a lepic plakátù,Výstavní párkar a lepic plakátù,false,1898,,1,Comedy,"Comedy,Short"
tt0000175,short,A Sea Cave Near Lisbon,A Sea Cave Near Lisbon,false,1896,,1,Documentary,"Documentary,Short"
tt0000176,short,Brittania,Brittania,false,1898,,,Short,Short
tt0000177,short,The Burglar on the Roof,The Burglar on the Roof,false,1898,,1,Crime,"Crime,Short"
tt0000178,short,The Cavalier's Dream,The Cavalier's Dream,false,1898,,1,Fantasy,"Fantasy,Horror,Short"
tt0000179,short,The Cave of the Demons,The Cave of the Demons,false,1898,,,Horror,"Horror,Short"
tt0000180,short,Le chemin de croix,Le chemin de croix,false,1898,,,Short,Short
tt0000181,short,Cinderella,Cinderella,false,1898,,,Fantasy,"Fantasy,Short"
tt0000182,short,"Come Along, Do!","Come Along, Do!",false,1898,,1,Comedy,"Comedy,Short"
tt0000183,short,The Corsican Brothers,The Corsican Brothers,false,1898,,,Drama,"Drama,Short"
tt0000184,short,Cripple Creek Bar-Room Scene,Cripple Creek Bar-Room Scene,false,1899,,1,Short,"Short,Western"
tt0000185,short,La crèche à Bethléem,La crèche à Bethléem,false,1898,,,Short,Short
tt0000186,short,Le cuirassé Maine,Le cuirassé Maine,false,1898,,,Short,"Short,War"
tt0000187,short,La cène,La cène,false,1898,,1,Short,Short
tt0000188,short,The Deserter,The Deserter,false,1898,,,Drama,"Drama,Short"
tt0000189,short,Dorotea,Dorotea,false,1898,,,Short,Short
tt0000190,short,Dostavenícko ve mlýnici,Dostavenícko ve mlýnici,false,1898,,1,Comedy,"Comedy,Short"
tt0000191,short,Déménagement à la cloche de bois,Déménagement à la cloche de bois,false,1898,,,Short,Short
tt0000192,short,"Ella Lola, a la Trilby","Ella Lola, a la Trilby",false,1898,,,Short,Short
tt0000193,short,L'entrée à Jérusalem,L'entrée à Jérusalem,false,1898,,,Short,Short
tt0000194,short,Express Train on a Railway Cutting,Express Train on a Railway Cutting,false,1898,,,Documentary,"Documentary,Short"
tt0000195,short,Les farces de Jocko,Les farces de Jocko,false,1898,,,Comedy,"Comedy,Short"
tt0000196,short,Faust and Mephistopheles,Faust and Mephistopheles,false,1898,,,Fantasy,"Fantasy,Short"
tt0000197,short,La flagellation,La flagellation,false,1898,,1,Short,Short
tt0000198,short,La fuite en Égypte,La fuite en Égypte,false,1898,,1,Short,Short
tt0000199,short,Glasgow Fire Engine,Glasgow Fire Engine,false,1898,,,Short,Short
tt0000200,short,Gran corrida de toros,Gran corrida de toros,false,1898,,,Documentary,"Documentary,Short,Sport"
tt0000201,short,Indian War Council,Indian War Council,false,1894,,,News,"News,Short"
tt0000202,short,Le jardin des oliviers,Le jardin des oliviers,false,1898,,,Short,Short
tt0000203,short,Je vous y prrrrends!,Je vous y prrrrends!,false,1898,,,Short,Short
tt0000204,short,Jésus devant Pilate,Jésus devant Pilate,false,1898,,,Short,Short
tt0000205,short,Leçons de boxe,Leçons de boxe,false,1898,,1,Comedy,"Comedy,Short,Sport"
tt0000206,short,"Llegada de un tren a la estación de ferrocarril del Norte, de Barcelona","Llegada de un tren a la estación de ferrocarril del Norte, de Barcelona",false,1898,,,Documentary,"Documentary,Short"
tt0000207,short,London Express,London Express,false,1898,,,Documentary,"Documentary,Short"
tt0000208,short,The Miller and Chimney Sweep,The Miller and the Sweep,false,1897,,1,Comedy,"Comedy,Short"
tt0000209,short,Photographing a Ghost,Photographing a Ghost,false,1898,,,Fantasy,"Fantasy,Horror,Short"
tt0000210,short,A Novice at X-rays,Les rayons Röntgen,false,1903,,1,Short,Short
tt0000211,short,"The Astronomer's Dream; or, The Man in the Moon",La lune à un mètre,false,1898,,3,Comedy,"Comedy,Fantasy,Horror"
tt0000212,short,Saida do Paquete Duque de Braganca,Saida do Paquete Duque de Braganca,false,1898,,,Short,Short
tt0000213,short,Scène d'escamotage,Scène d'escamotage,false,1898,,1,Short,Short
tt0000214,short,Tearing Down the Spanish Flag,Tearing Down the Spanish Flag,false,1898,,,Short,"Short,War"
tt0000215,short,Smích a plác,Smích a plác,false,1898,,,Documentary,"Documentary,Short"
tt0000216,short,Visita de Doña María Cristina y Alfonso XIII a Barcelona,Visita de Doña María Cristina y Alfonso XIII a Barcelona,false,1898,,,News,"News,Short"
tt0000217,short,Waves and Spray,Waves and Spray,false,1898,,,Short,Short
tt0000218,short,L'affaire Dreyfus,L'affaire Dreyfus,false,1899,,13,Biography,"Biography,Drama,Short"
tt0000219,short,Aladdin and the Wonderful Lamp,Aladdin and the Wonderful Lamp,false,1899,,,Fantasy,"Fantasy,Short"
tt0000220,short,The Artist and the Flower Girl,The Artist and the Flower Girl,false,1901,,,Romance,"Romance,Short"
tt0000221,short,Aspectos da Praia de Cascais,Aspectos da Praia de Cascais,false,1899,,,Documentary,"Documentary,Short"
tt0000222,short,Au cabaret,Au cabaret,false,1899,,1,Comedy,"Comedy,Short"
tt0000223,short,L'aveugle,L'aveugle,false,1899,,,Short,Short
tt0000224,short,Battlefield,Battlefield,false,1899,,,Short,Short
tt0000225,short,Beauty and the Beast,La belle et la bête,false,1899,,,Family,"Family,Fantasy,Romance"
tt0000226,short,Boat Race,Boat Race,false,1899,,,Short,Short
tt0000227,short,Bombardment of Mafeking,Bombardment of Mafeking,false,1899,,,Drama,"Drama,Short,War"
tt0000228,short,La bonne absinthe,La bonne absinthe,false,1899,,1,Short,Short
tt0000229,short,Casey at the Bat,Casey at the Bat,false,1899,,1,Comedy,"Comedy,Short,Sport"
tt0000230,short,Cinderella,Cendrillon,false,1899,,6,Drama,"Drama,Family,Fantasy"
tt0000231,short,Portuguese Railway Train,Portuguese Railway Train,false,1896,,1,Documentary,"Documentary,Short"
tt0000232,short,Le chiffonnier,Le chiffonnier,false,1899,,,Comedy,"Comedy,Short"
tt0000233,short,Choque de dos transatlánticos,Choque de dos transatlánticos,false,1899,,2,Animation,"Animation,Short"
tt0000234,short,Cleopatra's Tomb,Cléopâtre,false,1899,,1,Horror,"Horror,Short"
tt0000235,short,Haggard's She: The Pillar of Fire,La Danse du feu,false,1899,,1,Adventure,"Adventure,Fantasy,Horror"
tt0000236,short,Courte échelle,Courte échelle,false,1899,,,Short,Short
tt0000237,short,Le crucifiement,Le crucifiement,false,1899,,,Short,Short
tt0000238,short,Les dangers de l'alcoolisme,Les dangers de l'alcoolisme,false,1899,,,Drama,"Drama,Short"
tt0000239,short,Danse serpentine par Mme. Bob Walter,Danse serpentine par Mme. Bob Walter,false,1897,,2,Music,"Music,Short"
tt0000240,short,Distributing a War Extra,Distributing a War Extra,false,1899,,1,Documentary,"Documentary,Short"
tt0000241,short,La descente de croix,La descente de croix,false,1899,,,Short,Short
tt0000242,short,The Sign of the Cross,Le Diable au couvent,false,1900,,3,Fantasy,"Fantasy,Horror,Short"
tt0000243,short,Le déjeuner des enfants,Le déjeuner des enfants,false,1899,,,Comedy,"Comedy,Short"
tt0000244,short,Erreur judiciaire,Erreur judiciaire,false,1899,,,Short,Short
tt0000245,short,The Haunted House,The Haunted House,false,1899,,,Comedy,"Comedy,Fantasy,Horror"
tt0000246,short,A Turn of the Century Illusionist,L'Impressionniste fin de siècle,false,1899,,1,Fantasy,"Fantasy,Short"
tt0000247,short,King John,King John,false,1899,,5,Drama,"Drama,Short"
tt0000248,short,A Kiss in the Tunnel,The Kiss in the Tunnel,false,1899,,1,Comedy,"Comedy,Romance,Short"
tt0000249,short,The Legacy,The Legacy,false,1899,,,Short,Short
tt0000250,short,Llegada del vapor Bellver a Mallorca,Llegada del vapor Bellver a Mallorca,false,1899,,3,Documentary,"Documentary,Short"
tt0000251,short,Matches: An Appeal,Matches: An Appeal,false,1899,,1,Animation,"Animation,Short"
tt0000252,short,La mauvaise soupe,La mauvaise soupe,false,1899,,,Comedy,"Comedy,Short"
tt0000253,short,The Miser's Doom,The Miser's Doom,false,1899,,,Horror,"Horror,Short"
tt0000254,short,Monnaie de lapin,Monnaie de lapin,false,1899,,,Comedy,"Comedy,Short"
tt0000255,short,Mésaventure d'un charbonnier,Mésaventure d'un charbonnier,false,1899,,,Comedy,"Comedy,Short"
tt0000256,short,Panorama from the Tower of the Brooklyn Bridge,Panorama from the Tower of the Brooklyn Bridge,false,1899,,1,Documentary,"Documentary,Short"
tt0000257,short,La résurrection,La résurrection,false,1899,,,Short,Short
tt0000258,short,Le tondeur de chiens,Le tondeur de chiens,false,1899,,,Comedy,"Comedy,Short"
tt0000259,short,Le tonnelier,Le tonnelier,false,1899,,,Comedy,"Comedy,Short"
tt0000260,short,Transformations,Transformations,false,1899,,,Comedy,"Comedy,Short"
tt0000261,short,A Midnight Episode,Un bon lit,false,1899,,1,Comedy,"Comedy,Horror,Short"
tt0000262,short,Un lunch,Un lunch,false,1899,,,Comedy,"Comedy,Short"
tt0000263,short,"Vista de la entrada principal de la plaza de toros de Jerez, el segundo día de feria","Vista de la entrada principal de la plaza de toros de Jerez, el segundo día de feria",false,1899,,,Documentary,"Documentary,Short"
tt0000264,short,Summoning the Spirits,Évocation spirite,false,1899,,1,Fantasy,"Fantasy,Horror,Short"
tt0000265,short,Above the Limit,Above the Limit,false,1900,,,Comedy,"Comedy,Short"
tt0000266,short,Above the Speedway,Above the Speedway,false,1900,,,Documentary,"Documentary,Short"
tt0000267,short,L'angélus,L'angélus,false,1900,,,Short,Short
tt0000268,short,L'arléquine,L'arléquine,false,1900,,,Short,Short
tt0000269,short,"Army Life; or, How Soldiers Are Made: Mounted Infantry",Army Life,false,1900,,,Documentary,"Documentary,Short"
tt0000270,short,Arrivée d'Arléquin,Arrivée d'Arléquin,false,1900,,,Short,Short
tt0000271,short,Arrivée de Pierette et Pierrot,Arrivée de Pierette et Pierrot,false,1900,,,Short,Short
tt0000272,short,As Seen Through a Telescope,As Seen Through a Telescope,false,1900,,1,Comedy,"Comedy,Short"
tt0000273,short,Attack on a China Mission,Attack on a China Mission,false,1900,,4,Action,"Action,Crime,Drama"
tt0000274,short,Avenue de l'opéra,Avenue de l'opéra,false,1900,,1,Comedy,"Comedy,Short"
tt0000275,short,Badinage,Badinage,false,1900,,,Short,Short
tt0000276,short,Bataille d'oreillers,Bataille d'oreillers,false,1900,,,Short,Short
tt0000277,short,Bataille de boules de neige,Bataille de boules de neige,false,1900,,,Short,Short
tt0000278,short,Buffalo Bill's Show Parade,Buffalo Bill's Show Parade,false,1900,,,Short,Short
tt0000279,short,Buffalo Bill's Wild West Parade,Buffalo Bill's Wild West Parade,false,1900,,,News,"News,Short"
tt0000280,short,Buffalo Bill's Wild West Parade,Buffalo Bill's Wild West Parade,false,1900,,,News,"News,Short"
tt0000281,short,Buffalo Bill's Wild West Show,Buffalo Bill's Wild West Show,false,1900,,,News,"News,Short"
tt0000282,short,Le bébé,Le bébé,false,1900,,,Short,Short
tt0000283,short,Chez le Maréchal-Ferrant,Chez le Maréchal-Ferrant,false,1900,,,Short,Short
tt0000284,short,Chez le photographe,Chez le photographe,false,1900,,1,Short,Short
tt0000285,short,Chinese Magic,Chinese Magic,false,1900,,,Horror,"Horror,Short"
tt0000286,short,Chirurgie fin de siècle,Chirurgie fin de siècle,false,1900,,2,Comedy,"Comedy,Horror,Short"
tt0000287,short,The Clown and the Alchemist,The Clown and the Alchemist,false,1900,,1,Comedy,"Comedy,Fantasy,Short"
tt0000288,short,La concierge,La concierge,false,1900,,1,Comedy,"Comedy,Short"
tt0000289,short,Coucher d'une Parisienne,Coucher d'une Parisienne,false,1900,,,Short,Short
tt0000290,short,Dance de l'ivresse,Dance de l'ivresse,false,1900,,,Short,Short
tt0000291,short,Dans les coulisses,Dans les coulisses,false,1900,,,Short,Short
tt0000292,short,Danse du papillon,Danse du papillon,false,1900,,,Documentary,"Documentary,Short"
tt0000293,short,Danse du pas des foulards par des almées,Danse du pas des foulards par des almées,false,1900,,,Short,Short
tt0000294,short,La danse du ventre,La danse du ventre,false,1900,,,Short,Short
tt0000295,short,Danse du voile,Danse du voile,false,1900,,,Short,Short
tt0000296,short,Danse serpentine,Danse serpentine,false,1900,,2,Documentary,"Documentary,Short"
tt0000297,short,Danses,Danses,false,1900,,,Short,Short
tt0000298,short,Déclaration d'amour,Déclaration d'amour,false,1900,,,Short,Short
tt0000299,short,Le départ d'Arlequin et de Pierrette,Le départ d'Arlequin et de Pierrette,false,1900,,2,Short,Short
tt0000300,short,The Enchanted Drawing,The Enchanted Drawing,false,1900,,2,Animation,"Animation,Comedy,Fantasy"
tt0000301,short,Faust and Marguerite,Faust and Marguerite,false,1900,,1,Fantasy,"Fantasy,Horror,Short"
tt0000302,short,"La fée aux choux, ou la naissance des enfants","La fée aux choux, ou la naissance des enfants",false,1900,,1,Short,Short
tt0000303,short,Gavotte directoire,Gavotte directoire,false,1900,,,Short,Short
tt0000304,short,Grandma's Reading Glass,Grandma's Reading Glass,false,1900,,2,Family,"Family,Short"
tt0000305,short,L'Habanera,L'Habanera,false,1900,,,Short,Short
tt0000306,short,"Hamlet, Duel Scene with Laertes",Le duel d'Hamlet,false,1900,,2,Drama,"Drama,Short"
tt0000307,short,Happy Hooligan,Happy Hooligan,false,1900,,,Comedy,"Comedy,Short"
tt0000308,short,The House That Jack Built,The House That Jack Built,false,1900,,1,Short,Short
tt0000309,short,How It Feels to Be Run Over,How It Feels to Be Run Over,false,1900,,1,Comedy,"Comedy,Short"
tt0000310,short,Chimmie Hicks and the Rum Omelet,Chimmie Hicks and the Rum Omelet,false,1900,,,Comedy,"Comedy,Short"
tt0000312,short,Le lapin,Le lapin,false,1900,,,Short,Short
tt0000313,short,Let Me Dream Again,Let Me Dream Again,false,1900,,1,Comedy,"Comedy,Short"
tt0000314,short,Leçon de danse,Leçon de danse,false,1900,,,Short,Short
tt0000315,short,Le marchand de coco,Le marchand de coco,false,1900,,,Short,Short
tt0000316,short,Marché à la volaille,Marché à la volaille,false,1900,,,Short,Short
tt0000317,short,Le matelot,Le matelot,false,1900,,,Short,Short
tt0000318,short,Eine moderne Jungfrau von Orleans,Eine moderne Jungfrau von Orleans,false,1900,,14,Short,Short
tt0000319,short,Maple Leaf Viewing,Momijigari,false,1899,,6,Horror,"Horror,Short"
tt0000320,short,Mort d'Adonis,Mort d'Adonis,false,1900,,,Short,Short
tt0000321,short,The Mystic Swing,The Mystic Swing,false,1900,,1,Fantasy,"Fantasy,Short"
tt0000322,short,Panorama de Barcelona: monumentos y fiestas,Panorama de Barcelona: monumentos y fiestas,false,1900,,6,Documentary,"Documentary,Short"
tt0000323,short,Pas Japonais,Pas Japonais,false,1900,,,Short,Short
tt0000324,short,Pas de grâce,Pas de grâce,false,1900,,,Short,Short
tt0000325,short,Pas des éventails,Pas des éventails,false,1900,,,Short,Short
tt0000326,short,Pas du poignard,Pas du poignard,false,1900,,,Short,Short
tt0000327,short,La paysanne,La paysanne,false,1900,,,Short,Short
tt0000328,short,La petite magicienne,La petite magicienne,false,1900,,1,Short,Short
tt0000329,short,Le Polichinelle,Le Polichinelle,false,1900,,,Short,Short
tt0000330,short,La poupée noire,La poupée noire,false,1900,,,Short,Short
tt0000331,short,La reine des jouets,La reine des jouets,false,1900,,,Short,Short
tt0000332,short,Retour des champs,Retour des champs,false,1900,,2,Documentary,"Documentary,Short"
tt0000333,short,Le sang d'Adonis donnant naissance à la rose rouge,Le sang d'Adonis donnant naissance à la rose rouge,false,1900,,,Short,Short
tt0000334,short,Saut humidifié de M. Plick,Saut humidifié de M. Plick,false,1900,,,Comedy,"Comedy,Short"
tt0000335,short,Soldiers of the Cross,Soldiers of the Cross,false,1900,,40,Biography,"Biography,Drama,Short"
tt0000336,short,La source,La source,false,1900,,,Short,Short
tt0000337,short,Spanish Bullfight,Spanish Bullfight,false,1900,,1,Short,"Short,Sport"
tt0000338,short,Suite de la danse,Suite de la danse,false,1900,,,Short,Short
tt0000339,short,La tarentelle,La tarentelle,false,1900,,,Short,Short
tt0000340,short,Uncle Josh in a Spooky Hotel,Uncle Josh in a Spooky Hotel,false,1900,,1,Comedy,"Comedy,Fantasy,Horror"
tt0000341,short,Uncle Josh's Nightmare,Uncle Josh's Nightmare,false,1900,,2,Comedy,"Comedy,Fantasy,Short"
tt0000342,short,Une rage de dents,Une rage de dents,false,1900,,,Comedy,"Comedy,Short"
tt0000343,short,Valse directoire,Valse directoire,false,1900,,,Short,Short
tt0000344,short,Valse lente,Valse lente,false,1900,,,Short,Short
tt0000345,short,L'écossaise,L'écossaise,false,1900,,,Short,Short
tt0000346,short,Another Job for the Undertaker,Another Job for the Undertaker,false,1901,,2,Comedy,"Comedy,Short"
tt0000347,short,Buffalo Bill's Wild West Parade,Buffalo Bill's Wild West Parade,false,1901,,2,Documentary,"Documentary,News,Short"
tt0000348,short,Charmant froufrou,Charmant froufrou,false,1901,,,Short,Short
tt0000349,short,"What Came Out of the Cheese; or, The Lilliputians in a New York Restaurant","The Cheese Mites, or Lilliputians in a London Restaurant",false,1901,,1,Comedy,"Comedy,Short"
tt0000350,short,The Countryman's First Sight of the Animated Pictures,The Countryman and the Cinematograph,false,1901,,1,Comedy,"Comedy,Short"
tt0000351,short,Danses basques,Danses basques,false,1901,,,Short,Short
tt0000352,short,Day at the Circus,Day at the Circus,false,1901,,2,Documentary,"Documentary,Short"
tt0000353,short,Execution of Czolgosz with Panorama of Auburn Prison,Execution of Czolgosz with Panorama of Auburn Prison,false,1901,,4,Drama,"Drama,History,Short"
tt0000354,short,Exercício de Artilharia no Hipódromo de Belém,Exercício de Artilharia no Hipódromo de Belém,false,1901,,,Documentary,"Documentary,Short"
tt0000355,short,Fire!,Fire!,false,1901,,5,Action,"Action,Drama,Short"
tt0000356,short,Frivolité,Frivolité,false,1901,,,Short,Short
tt0000357,short,The Haunted Curiosity Shop,The Haunted Curiosity Shop,false,1901,,2,Comedy,"Comedy,Fantasy,Horror"
tt0000358,short,History of a Crime,Histoire d'un crime,false,1901,,5,Crime,"Crime,Drama,Short"
tt0000359,short,The India Rubber Head,L'homme à la tête en caoutchouc,false,1901,,3,Comedy,"Comedy,Fantasy,Short"
tt0000360,short,Hussards et grisettes,Hussards et grisettes,false,1901,,,Short,Short
tt0000361,short,Lavatory moderne,Lavatory moderne,false,1901,,,Short,Short
tt0000362,short,Lecture quotidienne,Lecture quotidienne,false,1901,,,Short,Short
tt0000363,short,Magical Sword,The Magic Sword,false,1901,,2,Fantasy,"Fantasy,Romance,Short"
tt0000364,short,Panorama of Esplanade by Night,Panorama of Esplanade by Night,false,1901,,1,Documentary,"Documentary,Short"
tt0000365,short,Parada de Bombeiros,Parada de Bombeiros,false,1901,,,Documentary,"Documentary,Short"
tt0000366,short,Uma Parada dos Alunos da Casa Pia de Lisboa,Uma Parada dos Alunos da Casa Pia de Lisboa,false,1901,,,Documentary,"Documentary,Short"
tt0000367,short,Pas de colombine,Pas de colombine,false,1901,,,Short,Short
tt0000368,short,Little Red Riding Hood,Le petit chaperon rouge,false,1901,,,Fantasy,"Fantasy,Short"
tt0000369,short,A Road for Children's Bicycles in Barcelona,Pista de bicicletas para niños en Barcelona,false,1901,,3,Documentary,"Documentary,Short"
tt0000370,short,Scrooge; or Marley's Ghost,Scrooge; or Marley's Ghost,false,1901,,6,Drama,"Drama,Fantasy,Horror"
tt0000371,short,Scène d'amour,Scène d'amour,false,1901,,,Short,Short
tt0000372,short,Scène d'ivresse,Scène d'ivresse,false,1901,,,Short,Short
tt0000373,short,The Devil's Seven Castles,Les sept châteaux du diable,false,1902,,11,Drama,"Drama,Horror,Short"
tt0000374,short,Tel est pris qui croyait prendre,Tel est pris qui croyait prendre,false,1901,,,Short,Short
tt0000375,short,Uma Tourada à Antiga Portuguesa,Uma Tourada à Antiga Portuguesa,false,1901,,,Documentary,"Documentary,Short"
tt0000376,short,A táncz,A táncz,false,1901,,,Documentary,"Documentary,Short"
tt0000377,short,Undressing Extraordinary,Undressing Extraordinary,false,1901,,3,Comedy,"Comedy,Fantasy,Short"
tt0000378,short,Les vagues,Les vagues,false,1901,,,Short,Short
tt0000379,short,Visita de la escuadra inglesa a Barcelona,Visita de la escuadra inglesa a Barcelona,false,1901,,6,Documentary,"Documentary,Short"
tt0000380,short,Sleeping Beauty,La belle au bois dormant,false,1903,,,Drama,"Drama,Fantasy,Short"
tt0000381,short,Buffalo Bill's Wild West Show,Buffalo Bill's Wild West Show,false,1902,,,News,"News,Short"
tt0000382,short,Carnaval en las ramblas,Carnaval en las ramblas,false,1902,,9,Documentary,"Documentary,Short"
tt0000383,short,Carreras de caballos en el hipódromo de Barcelona,Carreras de caballos en el hipódromo de Barcelona,false,1902,,6,Documentary,"Documentary,Short"
tt0000384,short,Miss Dundee and Her Performing Dogs,Les chiens savants,false,1902,,3,Documentary,"Documentary,Short"
tt0000385,short,Les clowns,Les clowns,false,1902,,,Comedy,"Comedy,Short"
tt0000386,short,La cour des miracles,La cour des miracles,false,1902,,,Comedy,"Comedy,Short"
tt0000387,short,The Coronation of King Edward VII,The Coronation of Edward VII,false,1902,,4,History,"History,Short"
tt0000388,short,Danse excentrique,Danse excentrique,false,1902,,2,Music,"Music,Short"
tt0000389,short,Danse fantaisiste,Danse fantaisiste,false,1902,,,Short,Short
tt0000390,short,Danse mauresque,Danse mauresque,false,1902,,,Short,Short
tt0000391,short,La dent récalcitrante,La dent récalcitrante,false,1902,,,Comedy,"Comedy,Short"
tt0000392,short,The Enchanted Cup,The Enchanted Cup,false,1903,,,Fantasy,"Fantasy,Short"
tt0000393,short,En faction,En faction,false,1902,,,Comedy,"Comedy,Short"
tt0000394,short,Farces de cuisinière,Farces de cuisinière,false,1902,,,Comedy,"Comedy,Short"
tt0000395,short,La fiole enchantée,La fiole enchantée,false,1902,,,Short,Short
tt0000396,short,Fruits de saison,Fruits de saison,false,1902,,,Short,Short
tt0000397,short,La gavotte,La gavotte,false,1902,,,Short,Short
tt0000398,short,La gigue,La gigue,false,1902,,,Short,Short
tt0000399,short,Jack and the Beanstalk,Jack and the Beanstalk,false,1902,,10,Fantasy,"Fantasy,Short"
tt0000400,short,Le lion savant,Le lion savant,false,1902,,,Comedy,"Comedy,Short"
tt0000401,short,Le marchand de ballons,Le marchand de ballons,false,1902,,,Comedy,"Comedy,Short"
tt0000402,short,Mother Goose Nursery Rhymes,Mother Goose Nursery Rhymes,false,1902,,,Comedy,"Comedy,Short"
tt0000403,short,Le pommier,Le pommier,false,1902,,,Short,Short
tt0000404,short,Pour secouer la salade,Pour secouer la salade,false,1902,,,Short,Short
tt0000405,short,La première gamelle,La première gamelle,false,1902,,,Comedy,"Comedy,Short"
tt0000406,short,The Prince of Darkness,The Prince of Darkness,false,1900,,,Horror,"Horror,Short"
tt0000407,short,Procesión de las hijas de María de la parroquia de Sans,Procesión de las hijas de María de la parroquia de Sans,false,1902,,2,Documentary,"Documentary,Short"
tt0000408,short,Quadrille réaliste,Quadrille réaliste,false,1902,,,Short,Short
tt0000409,short,Midwife to the Upper Classes,Sage-femme de première classe,false,1902,,4,Comedy,"Comedy,Short"
tt0000410,short,Demolishing and Building Up the Star Theatre,Demolishing and Building Up the Star Theatre,false,1901,,2,Documentary,"Documentary,Short"
tt0000411,short,Trompé mais content,Trompé mais content,false,1902,,,Comedy,"Comedy,Short"
tt0000412,short,The Troublesome Fly,The Troublesome Fly,false,1900,,,Comedy,"Comedy,Horror,Short"
tt0000413,short,The Devil's Money Bags,Les trésors de satan,false,1902,,3,Comedy,"Comedy,Fantasy,Horror"
tt0000414,short,Uncle Josh at the Moving Picture Show,Uncle Josh at the Moving Picture Show,false,1902,,2,Comedy,"Comedy,Short"
tt0000415,short,A Peculiar Cabinet,Une scène en cabinet particulier vue à travers le trou de la serrure,false,1906,,,Short,Short
tt0000416,short,Alcohol and Its Victims,Les victimes de l'alcoolisme,false,1902,,4,Drama,"Drama,Short"
tt0000417,short,A Trip to the Moon,Le voyage dans la lune,false,1902,,13,Adventure,"Adventure,Comedy,Fantasy"
tt0000418,short,The Wild Man of Borneo,The Wild Man of Borneo,false,1902,,,Drama,"Drama,Short"
tt0000419,short,L'équilibriste,L'équilibriste,false,1902,,,Short,Short
tt0000420,short,Alice in Wonderland,Alice in Wonderland,false,1903,,9,Family,"Family,Fantasy,Short"
tt0000421,short,Les apaches pas veinards,Les apaches pas veinards,false,1903,,,Short,Short
tt0000422,short,Les aventures d'un voyageur trop pressé,Les aventures d'un voyageur trop pressé,false,1903,,,Short,Short
tt0000423,short,The Enchanted Box,La boîte à malice,false,1903,,1,Fantasy,"Fantasy,Short"
tt0000424,short,Les braconniers,Les braconniers,false,1905,,,Short,Short
tt0000425,short,Buffalo Bill's Parade,Buffalo Bill's Parade,false,1903,,,Documentary,"Documentary,Short"
tt0000426,short,Buffalo Bill's Street Parade,Buffalo Bill's Street Parade,false,1903,,,Documentary,"Documentary,Short"
tt0000427,short,Cake-walk de la pendule,Cake-walk de la pendule,false,1903,,,Short,Short
tt0000428,short,Carreras de bicicletas en el parque,Carreras de bicicletas en el parque,false,1903,,,Documentary,"Documentary,Short"
tt0000429,short,La chasse au cambrioleur,La chasse au cambrioleur,false,1906,,,Crime,"Crime,Drama,Short"
tt0000430,short,A Chess Dispute,A Chess Dispute,false,1903,,1,Comedy,"Comedy,Short"
tt0000431,short,Comme on fait son lit on se couche,Comme on fait son lit on se couche,false,1903,,,Short,Short
tt0000432,short,How Monsieur Takes His Bath,Comment monsieur prend son bain,false,1903,,1,Comedy,"Comedy,Short"
tt0000433,short,Compagnons de voyage encombrants,Compagnons de voyage encombrants,false,1903,,,Short,Short
tt0000434,short,Dorothy's Dream,Dorothy's Dream,false,1903,,,Fantasy,"Fantasy,Short"
tt0000435,short,Enlèvement en automobile et mariage précipité,Enlèvement en automobile et mariage précipité,false,1903,,,Short,Short
tt0000436,short,An Extraordinary Cab Accident,An Extraordinary Cab Accident,false,1903,,1,Comedy,"Comedy,Short"
tt0000437,short,Faust and Mephistopheles,Faust et Méphistophélès,false,1903,,2,Drama,"Drama,Horror,Short"
tt0000438,short,Le fiancé ensorcelé,Le fiancé ensorcelé,false,1904,,,Short,Short
tt0000439,short,The Great Train Robbery,The Great Train Robbery,false,1903,,11,Action,"Action,Adventure,Crime"
tt0000440,short,La guirlande merveilleuse,La guirlande merveilleuse,false,1903,,4,Fantasy,"Fantasy,Short"
tt0000441,short,Gulliver en el país de los gigantes,Gulliver en el país de los gigantes,false,1903,,,Short,Short
tt0000442,short,Capital Execution,Henrettelsen,false,1900,,1,Drama,"Drama,Short"
tt0000443,short,Hiawatha,"Hiawatha, the Messiah of the Ojibway",false,1903,,15,Adventure,"Adventure,Drama,Short"
tt0000444,short,Illusionniste renversant,Illusionniste renversant,false,1903,,,Short,Short
tt0000445,short,Jocko musicien,Jocko musicien,false,1903,,,Short,Short
tt0000446,short,Kit Carson,Kit Carson,false,1903,,21,Short,"Short,Western"
tt0000447,short,Life of an American Fireman,Life of an American Fireman,false,1903,,6,Action,"Action,Short"
tt0000448,short,Le liqueur du couvent,Le liqueur du couvent,false,1903,,,Short,Short
tt0000449,short,Lutteurs américains,Lutteurs américains,false,1903,,,Short,Short
tt0000450,short,La main du professeur Hamilton ou le roi des dollars,La main du professeur Hamilton ou le roi des dollars,false,1903,,,Short,Short
tt0000451,short,Mary Jane's Mishap,Mary Jane's Mishap,false,1903,,4,Comedy,"Comedy,Short"
tt0000452,short,The Messenger Boy's Mistake,The Messenger Boy's Mistake,false,1903,,2,Comedy,"Comedy,Romance,Short"
tt0000453,short,Modelage express,Modelage express,false,1903,,,Short,Short
tt0000454,short,La mouche,La mouche,false,1903,,,Short,Short
tt0000455,short,The Music Lover,Le mélomane,false,1903,,3,Comedy,"Comedy,Music,Short"
tt0000456,short,N.Y. Fire Department Returning,N.Y. Fire Department Returning,false,1903,,,Documentary,"Documentary,Short"
tt0000457,short,Ne bougeons plus,Ne bougeons plus,false,1903,,,Short,Short
tt0000458,short,Nos bons étudiants,Nos bons étudiants,false,1903,,,Short,Short
tt0000459,short,"Panorama of Riker's Island, N.Y.","Panorama of Riker's Island, N.Y.",false,1903,,2,Documentary,"Documentary,Short"
tt0000460,short,The Pioneers,The Pioneers,false,1903,,15,Short,"Short,Western"
tt0000461,short,Potage indigeste,Potage indigeste,false,1903,,,Short,Short
tt0000462,short,La poule fantaisiste,La poule fantaisiste,false,1903,,,Short,Short
tt0000463,short,Puerto de Barcelona,Puerto de Barcelona,false,1903,,1,Documentary,"Documentary,Short"
tt0000464,short,Rip Van Winkle,Rip Van Winkle,false,1896,,4,Comedy,"Comedy,Short"
tt0000465,short,The Kingdom of the Fairies,Le royaume des fées,false,1903,,16,Adventure,"Adventure,Fantasy,Short"
tt0000466,short,Répétition dans un cirque,Répétition dans un cirque,false,1903,,,Short,Short
tt0000467,short,Secours aux naufragés,Secours aux naufragés,false,1904,,,Short,Short
tt0000468,short,Service précipité,Service précipité,false,1903,,,Short,Short
tt0000469,short,The Sick Kitten,The Sick Kitten,false,1903,,1,Comedy,"Comedy,Family,Short"
tt0000470,short,Les surprises de l'affichage,Les surprises de l'affichage,false,1903,,,Short,Short
tt0000471,short,Uncle Tom's Cabin,Uncle Tom's Cabin,false,1903,,13,Drama,"Drama,Short"
tt0000472,short,Uncle Tom's Cabin,Uncle Tom's Cabin,false,1903,,,Drama,"Drama,Short"
tt0000473,short,La valise enchantée,La valise enchantée,false,1905,,,Short,Short
tt0000474,short,Le voleur sacrilège,Le voleur sacrilège,false,1903,,,Short,Short
tt0000475,short,Voyage of the 'Arctic',The Adventurous Voyage of 'The Arctic',false,1903,,10,Drama,"Drama,Short"
tt0000476,short,Après la fête,Après la fête,false,1904,,,Short,Short
tt0000477,short,L'assassinat du courrier de Lyon,L'assassinat du courrier de Lyon,false,1904,,,Drama,"Drama,Short"
tt0000478,short,Behind the Scenes,Behind the Scenes,false,1904,,,Comedy,"Comedy,Short"
tt0000479,short,Rum vs. Cherries,Buy Your Own Cherries,false,1904,,4,Drama,"Drama,Short"
tt0000480,short,Le coffre enchanté,Le coffre enchanté,false,1904,,3,Fantasy,"Fantasy,Short"
tt0000481,short,A Collier's Life,A Collier's Life,false,1904,,,Short,Short
tt0000482,short,Comment on disperse les foules,Comment on disperse les foules,false,1904,,,Comedy,"Comedy,Short"
tt0000483,short,Les deux rivaux,Les deux rivaux,false,1905,,,Comedy,"Comedy,Short"
tt0000484,short,Les enfants du miracle,Les enfants du miracle,false,1904,,,Short,Short
tt0000485,short,La gavotte de la reine,La gavotte de la reine,false,1904,,,Short,Short
tt0000486,short,A Gentleman of France,A Gentleman of France,false,1905,,5,Adventure,"Adventure,Drama,Short"
tt0000487,short,The Great Train Robbery,The Great Train Robbery,false,1904,,8,Drama,"Drama,Short,Western"
tt0000488,short,The Land Beyond the Sunset,The Land Beyond the Sunset,false,1912,,14,Drama,"Drama,Fantasy,Short"
tt0000489,short,La leçon de pipeau,La leçon de pipeau,false,1904,,,Short,Short
tt0000490,short,L'oiseau envolé,L'oiseau envolé,false,1904,,,Short,Short
tt0000491,short,Opening the Williamsburg Bridge,Opening the Williamsburg Bridge,false,1904,,1,News,"News,Short"
tt0000492,short,Personal,Personal,false,1904,,6,Comedy,"Comedy,Short"
tt0000493,short,"Pierrot, Murderer",Pierrot assassin,false,1904,,,Short,Short
tt0000494,short,Le pompon malencontreux,Le pompon malencontreux,false,1904,,,Short,Short
tt0000495,short,The Pearl Fisher,Le pêcheur de perles,false,1907,,12,Fantasy,"Fantasy,Short"
tt0000496,short,Railroad Smashup,Railroad Smashup,false,1904,,1,Action,"Action,Short"
tt0000497,short,A Railway Tragedy,A Railway Tragedy,false,1904,,5,Crime,"Crime,Short"
tt0000498,short,Rescued by Rover,Rescued by Rover,false,1905,,7,Crime,"Crime,Drama,Family"
tt0000499,short,An Impossible Voyage,Le voyage à travers l'impossible,false,1904,,24,Action,"Action,Adventure,Family"
tt0000500,short,The Abductors,The Abductors,false,1905,,,Drama,"Drama,Short"
tt0000501,short,Adventures of Sherlock Holmes,Adventures of Sherlock Holmes,false,1905,,10,Crime,"Crime,Drama,Mystery"
tt0000502,movie,Bohemios,Bohemios,false,1905,,100,,
tt0000503,short,Corrida de beneficencia celebrada por Quinito y Montes,Corrida de beneficencia celebrada por Quinito y Montes,false,1905,,2,Documentary,"Documentary,Short"
